// Jest Snapshot v1, https://goo.gl/fbAQLP

exports[`Registry Settings App renders 1`] = `
<div>
  <settings-form-stub />
</div>
`;
